<html>
<body>
<pre>
<h1>µVision Build Log</h1>
<h2>Project:</h2>
C:\Users\Zubairlk\Documents\GitHub\project-snake-lm3s1968\main.uvproj
Project File Date:  12/24/2012

<h2>Output:</h2>
Build target 'Target 1'
assembling Startup.s...
compiling main.c...
main.c(13): error:  #5: cannot open source input file "my_display.h": No such file or directory
compiling rit128x96x4.c...
compiling my_init.c...
C:\StellarisWare\inc/hw_sysctl.h(1266): warning:  #47-D: incompatible redefinition of macro "SYSCTL_RCC_XTAL_M" (declared at line 3510 of "C:\StellarisWare\inc/lm3s1968.h")
C:\StellarisWare\inc/hw_sysctl.h(1456): warning:  #47-D: incompatible redefinition of macro "SYSCTL_RCGC0_ADCSPD_M" (declared at line 3633 of "C:\StellarisWare\inc/lm3s1968.h")
C:\StellarisWare\inc/hw_sysctl.h(1535): warning:  #47-D: incompatible redefinition of macro "SYSCTL_SCGC0_ADCSPD_M" (declared at line 3684 of "C:\StellarisWare\inc/lm3s1968.h")
C:\StellarisWare\inc/hw_sysctl.h(3402): warning:  #47-D: incompatible redefinition of macro "SYSCTL_DC1_ADCSPD_M" (declared at line 3290 of "C:\StellarisWare\inc/lm3s1968.h")
compiling snake.c...
compiling class-d.c...
compiling my_sounds.c...
Target not created
Build target 'Target 1'
compiling main.c...
linking...
Program Size: Code=9254 RO-data=22898 RW-data=88 ZI-data=55552  
"main.axf" - 0 Error(s), 0 Warning(s).
Build target 'Target 1'
assembling Startup.s...
compiling main.c...
compiling rit128x96x4.c...
compiling my_init.c...
C:\StellarisWare\inc/hw_sysctl.h(1266): warning:  #47-D: incompatible redefinition of macro "SYSCTL_RCC_XTAL_M" (declared at line 3510 of "C:\StellarisWare\inc/lm3s1968.h")
C:\StellarisWare\inc/hw_sysctl.h(1456): warning:  #47-D: incompatible redefinition of macro "SYSCTL_RCGC0_ADCSPD_M" (declared at line 3633 of "C:\StellarisWare\inc/lm3s1968.h")
C:\StellarisWare\inc/hw_sysctl.h(1535): warning:  #47-D: incompatible redefinition of macro "SYSCTL_SCGC0_ADCSPD_M" (declared at line 3684 of "C:\StellarisWare\inc/lm3s1968.h")
C:\StellarisWare\inc/hw_sysctl.h(3402): warning:  #47-D: incompatible redefinition of macro "SYSCTL_DC1_ADCSPD_M" (declared at line 3290 of "C:\StellarisWare\inc/lm3s1968.h")
compiling snake.c...
compiling class-d.c...
compiling my_sounds.c...
linking...
Program Size: Code=9254 RO-data=22898 RW-data=88 ZI-data=55552  
"main.axf" - 0 Error(s), 4 Warning(s).
Clean started: Project: 'main'
   deleting intermediate output files for target 'Target 1'
